# LoopBack3

https://loopback.io/doc/en/lb3/

Prerequisite: install Node.js
LoopBack does not support Node.js versions prior to 4.x.
To install the LoopBack CLI tool, enter this command:
```sh
npm install -g loopback-cli
```
instructions on upgrading to LoopBack 3.0
```sh
npm install -g loopback-cli
```
Updating your installation
Update your installation with this command:
```sh
$ npm install -g strongloop
```
If you encounter any problems, you may need to perform a clean reinstallation. Follow these steps:
```sh
$ npm uninstall -g strongloop
$ npm cache clear
$ npm install -g strongloop
```





#Create a simple API

If using loopback-cli:
```sh
$ lb
```
then give project name and description

#Update LoopBack version

Edit package.json

Make the following changes to your app’s package.json file:

Change the dependency on loopback to specify version 3.0.
Remove loopback-datasource-juggler from dependencies, since it is now a regular dependency.
Depending on when you initially created your app, strong-error-handler may not be listed as a dependency; if it isn’t, add it.


With LoopBack tools:

$ lb model <model-name>











